ADM_PARALLEL_EXECUTE_TASK,                                                      
ANONYMOUS,                                                                      
APPLICATION_TRACE_VIEWER,                                                       
APPQOSSYS,                                                                      
AQ_ADMINISTRATOR_ROLE,                                                          
AQ_USER_ROLE,                                                                   
AUDIT_ADMIN,                                                                    
AUDIT_VIEWER,                                                                   
AUDSYS,                                                                         
AUTHENTICATEDUSER,                                                              
CAPTURE_ADMIN,                                                                  
CDB_DBA,                                                                        
CONNECT,                                                                        
CTXAPP,                                                                         
CTXSYS,                                                                         
DATAPATCH_ROLE,                                                                 
DATAPUMP_EXP_FULL_DATABASE,                                                     
DATAPUMP_IMP_FULL_DATABASE,                                                     
DBA,                                                                            
DBFS_ROLE,                                                                      
DBJAVASCRIPT,                                                                   
DBMS_MDX_INTERNAL,                                                              
DBSFWUSER,                                                                      
DBSNMP,                                                                         
DIP,                                                                            
DVF,                                                                            
DVSYS,                                                                          
DV_ACCTMGR,                                                                     
DV_ADMIN,                                                                       
DV_AUDIT_CLEANUP,                                                               
DV_DATAPUMP_NETWORK_LINK,                                                       
DV_GOLDENGATE_ADMIN,                                                            
DV_GOLDENGATE_REDO_ACCESS,                                                      
DV_MONITOR,                                                                     
DV_OWNER,                                                                       
DV_PATCH_ADMIN,                                                                 
DV_POLICY_OWNER,                                                                
DV_PUBLIC,                                                                      
DV_REALM_OWNER,                                                                 
DV_REALM_RESOURCE,                                                              
DV_SECANALYST,                                                                  
DV_STREAMS_ADMIN,                                                               
DV_XSTREAM_ADMIN,                                                               
EJBCLIENT,                                                                      
EM_EXPRESS_ALL,                                                                 
EM_EXPRESS_BASIC,                                                               
EXECUTE_CATALOG_ROLE,                                                           
EXP_FULL_DATABASE,                                                              
GATHER_SYSTEM_STATISTICS,                                                       
GDS_CATALOG_SELECT,                                                             
GGSYS,                                                                          
GGSYS_ROLE,                                                                     
GLOBAL_AQ_USER_ROLE,                                                            
GSMADMIN_INTERNAL,                                                              
GSMADMIN_ROLE,                                                                  
GSMCATUSER,                                                                     
GSMUSER,                                                                        
GSMUSER_ROLE,                                                                   
GSM_POOLADMIN_ROLE,                                                             
HS_ADMIN_EXECUTE_ROLE,                                                          
HS_ADMIN_ROLE,                                                                  
HS_ADMIN_SELECT_ROLE,                                                           
IMP_FULL_DATABASE,                                                              
JAVADEBUGPRIV,                                                                  
JAVAIDPRIV,                                                                     
JAVASYSPRIV,                                                                    
JAVAUSERPRIV,                                                                   
JAVA_ADMIN,                                                                     
JMXSERVER,                                                                      
LBACSYS,                                                                        
LBAC_DBA,                                                                       
LOGSTDBY_ADMINISTRATOR,                                                         
MDDATA,                                                                         
MDSYS,                                                                          
OEM_ADVISOR,                                                                    
OEM_MONITOR,                                                                    
OJVMSYS,                                                                        
OLAPSYS,                                                                        
OLAP_DBA,                                                                       
OLAP_USER,                                                                      
OLAP_XS_ADMIN,                                                                  
OPTIMIZER_PROCESSING_RATE,                                                      
ORACLE_OCM,                                                                     
ORDADMIN,                                                                       
ORDDATA,                                                                        
ORDPLUGINS,                                                                     
ORDSYS,                                                                         
OUTLN,                                                                          
PDB_DBA,                                                                        
PROVISIONER,                                                                    
PUBLIC,                                                                         
RDFCTX_ADMIN,                                                                   
RECOVERY_CATALOG_OWNER,                                                         
RECOVERY_CATALOG_OWNER_VPD,                                                     
RECOVERY_CATALOG_USER,                                                          
REMOTE_SCHEDULER_AGENT,                                                         
RESOURCE,                                                                       
SCHEDULER_ADMIN,                                                                
SELECT_CATALOG_ROLE,                                                            
SI_INFORMTN_SCHEMA,                                                             
SODA_APP,                                                                       
SYS,                                                                            
SYS$UMF,                                                                        
SYSBACKUP,                                                                      
SYSDG,                                                                          
SYSKM,                                                                          
SYSRAC,                                                                         
SYSTEM,                                                                         
SYSUMF_ROLE,                                                                    
WMSYS,                                                                          
WM_ADMIN_ROLE,                                                                  
XDB,                                                                            
XDBADMIN,                                                                       
XDB_SET_INVOKER,                                                                
XDB_WEBSERVICES,                                                                
XDB_WEBSERVICES_OVER_HTTP,                                                      
XDB_WEBSERVICES_WITH_PUBLIC,                                                    
XS$NULL,                                                                        
XS_CACHE_ADMIN,                                                                 
XS_CONNECT,                                                                     
XS_NAMESPACE_ADMIN,                                                             
XS_SESSION_ADMIN,                                                               
